 
 gdb a.out
GNU gdb (Ubuntu 8.1.1-0ubuntu1) 8.1.1
Copyright (C) 2018 Free Software Foundation, Inc.
License GPLv3+: GNU GPL version 3 or later <http://gnu.org/licenses/gpl.html>
This is free software: you are free to change and redistribute it.
There is NO WARRANTY, to the extent permitted by law.  Type "show copying"
and "show warranty" for details.
This GDB was configured as "x86_64-linux-gnu".
Type "show configuration" for configuration details.
For bug reporting instructions, please see:
<http://www.gnu.org/software/gdb/bugs/>.
Find the GDB manual and other documentation resources online at:
<http://www.gnu.org/software/gdb/documentation/>.
For help, type "help".
Type "apropos word" to search for commands related to "word"...
Reading symbols from a.out...done.
(gdb) b main
Breakpoint 1 at 0x801: file p3final.c, line 19.
(gdb) r
Starting program: /home/runner/pps-test1-NISHANTHR4/a.out 
warning: Error disabling address space randomization: Operation not permitted

Breakpoint 1, main () at p3final.c:19
19  {
(gdb) s
21    input(&a,&b);
(gdb) n
Enter two numbers
4
5
22    add(a,b,&sum);
(gdb) s
add (a=4, b=5, sum=0x7ffea86488f4) at p3final.c:10
10    *sum=a+b;
(gdb) n
11  return *sum;
(gdb) n
12  }
(gdb) n
main () at p3final.c:23
23    output(a,b,sum);
(gdb) s
output (a=4, b=5, sum=9) at p3final.c:15
15   printf("The sum of the numbers %d and %d is %d\n",a,b,sum);
(gdb) n
The sum of the numbers 4 and 5 is 9
17  }
(gdb) n
main () at p3final.c:24
24    return 0;
(gdb) n
25  }(gdb) n
__libc_start_main (main=0x558c0f8007f9 <main>, argc=1, argv=0x7ffea86489e8, 
    init=<optimized out>, fini=<optimized out>, rtld_fini=<optimized out>, 
    stack_end=0x7ffea86489d8) at ../csu/libc-start.c:344
344 ../csu/libc-start.c: No such file or directory.
(gdb) q
A debugging session is active.

    Inferior 1 [process 204] will be killed.

Quit anyway? (y or n) y
 