 gcc -g p4final.c
 ./a.out
Enter any number to be compared
15
Enter any number to be compared
62
Enter any number to be compared
84
84 is greater
 gdb a.out
GNU gdb (Ubuntu 8.1.1-0ubuntu1) 8.1.1
Copyright (C) 2018 Free Software Foundation, Inc.
License GPLv3+: GNU GPL version 3 or later <http://gnu.org/licenses/gpl.html>
This is free software: you are free to change and redistribute it.
There is NO WARRANTY, to the extent permitted by law.  Type "show copying"
and "show warranty" for details.
This GDB was configured as "x86_64-linux-gnu".
Type "show configuration" for configuration details.
For bug reporting instructions, please see:
<http://www.gnu.org/software/gdb/bugs/>.
Find the GDB manual and other documentation resources online at:
<http://www.gnu.org/software/gdb/documentation/>.
For help, type "help".
Type "apropos word" to search for commands related to "word"...
Reading symbols from a.out...done.
(gdb) b main
Breakpoint 1 at 0x840: file p4final.c, line 27.
(gdb) r
Starting program: /home/runner/pps-test1-NISHANTHR4/a.out 
warning: Error disabling address space randomization: Operation not permitted

Breakpoint 1, main () at p4final.c:27
27    num1=input();
(gdb) s
input () at p4final.c:3
3   {
(gdb) n
5     printf("Enter any number to be compared\n");
(gdb) n
Enter any number to be compared
6     scanf("%d",&a);
(gdb) n
45
7     return a;
(gdb) n
8   }
(gdb) n
main () at p4final.c:28
28    num2=input();
(gdb) s
input () at p4final.c:3
3   {
(gdb) n
5     printf("Enter any number to be compared\n");
(gdb) n
Enter any number to be compared
6     scanf("%d",&a);
(gdb) n
65
7     return a;
(gdb) n
8   }
(gdb) n
main () at p4final.c:29
 
 gcc -g p4final.c
 ./a.out
Enter any number to be compared
54
Enter any number to be compared
62
Enter any number to be compared
58
62 is greater
 gdb a.out
GNU gdb (Ubuntu 8.1.1-0ubuntu1) 8.1.1
Copyright (C) 2018 Free Software Foundation, Inc.
License GPLv3+: GNU GPL version 3 or later <http://gnu.org/licenses/gpl.html>
This is free software: you are free to change and redistribute it.
There is NO WARRANTY, to the extent permitted by law.  Type "show copying"
and "show warranty" for details.
This GDB was configured as "x86_64-linux-gnu".
Type "show configuration" for configuration details.
For bug reporting instructions, please see:
<http://www.gnu.org/software/gdb/bugs/>.
Find the GDB manual and other documentation resources online at:
<http://www.gnu.org/software/gdb/documentation/>.
For help, type "help".
Type "apropos word" to search for commands related to "word"...
Reading symbols from a.out...done.
(gdb) b main
Breakpoint 1 at 0x840: file p4final.c, line 27.
(gdb) r
Starting program: /home/runner/pps-test1-NISHANTHR4/a.out 
warning: Error disabling address space randomization: Operation not permitted

Breakpoint 1, main () at p4final.c:27
27    num1=input();
(gdb) s
input () at p4final.c:3
3   {
(gdb) n
5     printf("Enter any number to be compared\n");
(gdb) n
Enter any number to be compared
6     scanf("%d",&a);
(gdb) n
55
7     return a;
(gdb) n
8   }
(gdb) n
main () at p4final.c:28
28    num2=input();
(gdb) s
input () at p4final.c:3
3   {
(gdb) n
5     printf("Enter any number to be compared\n");
(gdb) n
Enter any number to be compared
6     scanf("%d",&a);
(gdb) n
69 
7     return a;
(gdb) n
8   }
(gdb) n
main () at p4final.c:29
29    num3=input();
(gdb) s
input () at p4final.c:3
3   {
(gdb) n
5     printf("Enter any number to be compared\n");
(gdb) n
Enter any number to be compared
6     scanf("%d",&a);
(gdb) n
92
7     return a;
(gdb) n
8   }
(gdb) n
main () at p4final.c:30
30    cmpr=cmp(num1,num2,num3);
(gdb) s
cmp (a=55, b=69, c=92) at p4final.c:11
11    if(a>b && a>c)
(gdb) n
15    else if(a<b && b>c)
(gdb) n
21      printf("%d is greater\n",c);
(gdb) n
92 is greater
23  }
(gdb) n
main () at p4final.c:31
31  }
(gdb) n
__libc_start_main (main=0x55eb09800838 <main>, argc=1, 
    argv=0x7ffdb007b6d8, init=<optimized out>, fini=<optimized out>, 
    rtld_fini=<optimized out>, stack_end=0x7ffdb007b6c8)
    at ../csu/libc-start.c:344
344 ../csu/libc-start.c: No such file or directory.
(gdb) q
A debugging session is active.

    Inferior 1 [process 877] will be killed.

Quit anyway? (y or n) y
 